// Jest Snapshot v1, https://goo.gl/fbAQLP

exports[`tests should be not be sucessfull 1`] = `
"node test --config ./e2e/corde.config.ts --files ./e2e/toRenameRole/__cordeTest__/bot_case2.spec.ts

 FAIL   e2e\\\\toRenameRole\\\\__cordeTest__\\\\bot_case2.spec.ts   100ms
   x should fail when renaming a role   100ms
    
    expected: role 'old-role-name' to be renamed to batata
    received: name was not changed

    at toRenameRole e2e\\\\toRenameRole\\\\__cordeTest__\\\\bot_case2.spec.ts:8:49
    at _internalTest (lib\\\\src\\\\closures\\\\test.js:29:13)
    at lib\\\\src\\\\closures\\\\test.js:52:65

Test Files: 1 failed. 1 total
Tests:      1 failed. 1 total
Time:       100ms
"
`;
