// Jest Snapshot v1, https://goo.gl/fbAQLP

exports[`should unPin message 1`] = `
"node test --config ./e2e/corde.config.ts --files ./e2e/toUnPinMessage/__cordeTest__/bot_case1.spec.ts

 PASS   e2e\\\\toUnPinMessage\\\\__cordeTest__\\\\bot_case1.spec.ts   100ms
   ✔  should unpin a message   100ms

Test Files: 1 passed. 1 total
Tests:      1 passed. 1 total
Time:       100ms
"
`;
