// Jest Snapshot v1, https://goo.gl/fbAQLP

exports[`testing getStackTrace should get trace of an function 1`] = `
Object {
  "message": "error",
  "pass": false,
  "trace": "    test (tests\\\\utils\\\\getStackTrace.test.ts:29:16)
    Object.<anonymous> (tests\\\\utils\\\\getStackTrace.test.ts:39:5)",
}
`;
