// Jest Snapshot v1, https://goo.gl/fbAQLP

exports[`should change role color 1`] = `
"
 FAIL   e2e\\\\toSetRoleColor\\\\__cordeTest__\\\\bot_case2.test.ts   100ms
   x should fail when setting role color   100ms
object null is not iterable (cannot read property Symbol(Symbol.iterator))

Test Files: 1 failed. 1 total
Tests:      1 failed. 1 total
Time:       100ms
"
`;
