// Jest Snapshot v1, https://goo.gl/fbAQLP

exports[`testing toBeNothing should return false for  (isNot false) 1`] = `
Object {
  "expected": false,
  "message": "    
    expected should not be null or undefined.
    got: boolean
",
}
`;

exports[`testing toBeNothing should return false for 1 (isNot false) 1`] = `
Object {
  "expected": false,
  "message": "    
    expected should not be null or undefined.
    got: boolean
",
}
`;

exports[`testing toBeNothing should return false for Symbol() (isNot false) 1`] = `
Object {
  "expected": false,
  "message": "    
    expected should not be null or undefined.
    got: boolean
",
}
`;

exports[`testing toBeNothing should return false for any (isNot false) 1`] = `
Object {
  "expected": false,
  "message": "    
    expected should not be null or undefined.
    got: boolean
",
}
`;

exports[`testing toBeNothing should return false for false (isNot false) 1`] = `
Object {
  "expected": false,
  "message": "    
    expected should not be null or undefined.
    got: boolean
",
}
`;

exports[`testing toBeNothing should return false for null (isNot true) 1`] = `
Object {
  "expected": true,
  "message": "",
}
`;

exports[`testing toBeNothing should return false for true (isNot false) 1`] = `
Object {
  "expected": false,
  "message": "    
    expected should not be null or undefined.
    got: boolean
",
}
`;

exports[`testing toBeNothing should return false for undefined (isNot true) 1`] = `
Object {
  "expected": true,
  "message": "",
}
`;
