// Jest Snapshot v1, https://goo.gl/fbAQLP

exports[`- 1`] = `""`;

exports[`-: without ANSI Colors 1`] = `""`;

exports[`should get report for multiple files 1`] = `""`;

exports[`should get report for multiple files: without ANSI Colors 1`] = `""`;

exports[`should get report for multiple tests inside a group 1`] = `""`;

exports[`should get report for multiple tests inside a group and failed tests 1`] = `""`;

exports[`should get report for multiple tests inside a group and failed tests: without ANSI Colors 1`] = `""`;

exports[`should get report for multiple tests inside a group: without ANSI Colors 1`] = `""`;

exports[`should get report for single group and a empty test 1`] = `""`;

exports[`should get report for single group and a empty test: without ANSI Colors 1`] = `""`;

exports[`should get report for subgroups 1`] = `""`;

exports[`should get report for subgroups: without ANSI Colors 1`] = `""`;

exports[`should get report for subtests 1`] = `""`;

exports[`should get report for subtests: without ANSI Colors 1`] = `""`;

exports[`should print a report for a group with a test with multiple expects 1`] = `""`;

exports[`should print a report for a group with a test with multiple expects: without ANSI Colors 1`] = `""`;

exports[`should print report for 1 test file, 1 test closure and 1 test function 1`] = `""`;

exports[`should print report for 1 test file, 1 test closure and 1 test function: without ANSI Colors 1`] = `""`;

exports[`should print report for 1 test file, 1 test closure and 2 test function 1`] = `""`;

exports[`should print report for 1 test file, 1 test closure and 2 test function: without ANSI Colors 1`] = `""`;

exports[`should print report for single group and a single test 1`] = `""`;

exports[`should print report for single group and a single test: without ANSI Colors 1`] = `""`;
