// Jest Snapshot v1, https://goo.gl/fbAQLP

exports[`should fail 1`] = `
"
 FAIL   e2e\\\\toSetRolePermission\\\\__cordeTest__\\\\bot_case2.test.ts   100ms
   x should fail when attempting to set some permitions to a role   100ms
    
    expected: role permissions change to: ADMINISTRATOR and BAN_MEMBERS
    received: permissions were not changed

    at toSetRolePermission e2e\\\\toSetRolePermission\\\\__cordeTest__\\\\bot_case2.test.ts:10:10
    at lib\\\\src\\\\clausures\\\\test.js:31:13
    at Queue.executeWithCatchCollectAsync (lib\\\\src\\\\data-structures\\\\queue.js:254:15)

Test Files: 1 failed. 1 total
Tests:      1 failed. 1 total
Time:       100ms
"
`;
