// Jest Snapshot v1, https://goo.gl/fbAQLP

exports[`tests should fail 1`] = `
"node test --config ./e2e/corde.config.ts --files ./e2e/inChannel/__cordeTest__/bot_case2.spec.ts

 FAIL   e2e\\\\inChannel\\\\__cordeTest__\\\\bot_case2.spec.ts   5.289s
   x <empty test name>   5.279s
    
    expected: testing bot to send a message
    received: no message was sent

    at toReturn Object.toReturn (lib\\\\src\\\\expect\\\\index.js:33:58)
    at e2e\\\\inChannel\\\\__cordeTest__\\\\bot_case2.spec.ts:6:78
    at _internalTest (lib\\\\src\\\\closures\\\\test.js:29:13)

Test Files: 1 failed. 1 total
Tests:      1 failed. 1 total
Time:       5.291s
"
`;
