// Jest Snapshot v1, https://goo.gl/fbAQLP

exports[`should delete a role 1`] = `
"node test --config ./e2e/corde.config.ts --files ./e2e/toHaveResult/__cordeTest__/bot_case1.spec.ts

 PASS   e2e\\\\toHaveResult\\\\__cordeTest__\\\\bot_case1.spec.ts   618ms
   ✔  testing todoInCascade -> test should pass   612ms

Test Files: 1 passed. 1 total
Tests:      1 passed. 1 total
Time:       621ms
"
`;
